// Jest Snapshot v1, https://goo.gl/fbAQLP

exports[`New User Page Matches snapshots 1`] = `
<div
  className="container-fluid"
>
  <div>
    <h2>
      New user
    </h2>
    <form
      className=""
      onSubmit={[Function]}
    >
      <div
        className="form-group"
      >
        <label
          className="form-label"
          htmlFor="userUpdate.Username"
        >
          Username
        </label>
        <input
          className="form-control"
          id="userUpdate.Username"
          onChange={[Function]}
          placeholder="Username"
          required={true}
          type="string"
          value=""
        />
      </div>
      <div
        className="form-group"
      >
        <label
          className="form-label"
          htmlFor="userUpdate.Password"
        >
          Password
        </label>
        <input
          className="form-control"
          id="userUpdate.Password"
          onChange={[Function]}
          pattern="(?=.*[0-9])(?=.*[a-z])(?=.*[A-Z])\\\\S{6,}"
          placeholder="Password"
          required={true}
          type="password"
          value=""
        />
      </div>
      <button
        className="btn btn-primary"
        disabled={false}
        type="submit"
      >
        Create
      </button>
    </form>
  </div>
  Error
</div>
`;

exports[`New User Page Matches snapshots 2`] = `
<div
  className="container-fluid"
>
  <div>
    <h2>
      New user
    </h2>
    <form
      className=""
      onSubmit={[Function]}
    >
      <div
        className="form-group"
      >
        <label
          className="form-label"
          htmlFor="userUpdate.Username"
        >
          Username
        </label>
        <input
          className="form-control"
          id="userUpdate.Username"
          onChange={[Function]}
          placeholder="Username"
          required={true}
          type="string"
          value=""
        />
      </div>
      <div
        className="form-group"
      >
        <label
          className="form-label"
          htmlFor="userUpdate.Password"
        >
          Password
        </label>
        <input
          className="form-control"
          id="userUpdate.Password"
          onChange={[Function]}
          pattern="(?=.*[0-9])(?=.*[a-z])(?=.*[A-Z])\\\\S{6,}"
          placeholder="Password"
          required={true}
          type="password"
          value=""
        />
      </div>
      <button
        className="btn btn-primary"
        disabled={false}
        type="submit"
      >
        Create
      </button>
    </form>
  </div>
  Error
</div>
`;
